// Jest Snapshot v1, https://goo.gl/fbAQLP

exports[`twindy should be empty 1`] = `
":root {
  --font-sans: ui-sans-serif, system-ui, -apple-system, BlinkMacSystemFont, \\"Segoe UI\\", Roboto, \\"Helvetica Neue\\", Arial, \\"Noto Sans\\", sans-serif, \\"Apple Color Emoji\\", \\"Segoe UI Emoji\\", \\"Segoe UI Symbol\\", \\"Noto Color Emoji\\";
  --font-serif: ui-serif, Georgia, Cambria, \\"Times New Roman\\", Times, serif;
  --font-mono: ui-monospace, \\"JetBrains Mono\\", SFMono-Regular, Menlo, Monaco, Consolas, \\"Liberation Mono\\", \\"Courier New\\", monospace;
}
"
`;

exports[`twindy should reset 1`] = `
":root {
  --font-sans: ui-sans-serif, system-ui, -apple-system, BlinkMacSystemFont, \\"Segoe UI\\", Roboto, \\"Helvetica Neue\\", Arial, \\"Noto Sans\\", sans-serif, \\"Apple Color Emoji\\", \\"Segoe UI Emoji\\", \\"Segoe UI Symbol\\", \\"Noto Color Emoji\\";
  --font-serif: ui-serif, Georgia, Cambria, \\"Times New Roman\\", Times, serif;
  --font-mono: ui-monospace, \\"JetBrains Mono\\", SFMono-Regular, Menlo, Monaco, Consolas, \\"Liberation Mono\\", \\"Courier New\\", monospace;
}
*,
*::before,
*::after {
  box-sizing: inherit;
}
html {
  line-height: 1;
  -webkit-font-smoothing: antialiased;
  -moz-osx-font-smoothing: grayscale;
  box-sizing: border-box;
  -webkit-text-size-adjust: 100%;
  scroll-behavior: smooth;
}
html,
body,
div,
span,
object,
iframe,
h1,
h2,
h3,
h4,
h5,
h6,
p,
blockquote,
pre,
a,
abbr,
acronym,
address,
big,
cite,
code,
del,
dfn,
em,
img,
ins,
kbd,
q,
s,
samp,
small,
strike,
strong,
sub,
sup,
tt,
var,
b,
u,
i,
dl,
dt,
dd,
ol,
ul,
li,
fieldset,
form,
label,
legend,
table,
caption,
tbody,
tfoot,
thead,
tr,
th,
td,
article,
aside,
canvas,
details,
embed,
figure,
figcaption,
footer,
header,
hgroup,
menu,
nav,
output,
ruby,
section,
summary,
time,
mark,
audio,
video {
  margin: 0;
  padding: 0;
  border: 0;
  font: inherit;
  vertical-align: baseline;
}
article,
aside,
details,
figcaption,
figure,
footer,
header,
hgroup,
menu,
nav,
section {
  display: block;
}
ol,
ul {
  list-style: none;
}
blockquote,
q {
  quotes: none;
}
blockquote:before,
blockquote:after,
q:before,
q:after {
  content: \\"\\";
  content: none;
}
html,
body,
p,
ol,
ul,
li,
dl,
dt,
dd,
blockquote,
figure,
fieldset,
legend,
textarea,
pre,
iframe,
hr,
h1,
h2,
h3,
h4,
h5,
h6 {
  margin: 0;
  padding: 0;
}
h1,
h2,
h3,
h4,
h5,
h6 {
  font-size: 100%;
  font-weight: 400;
}
ul {
  list-style: none;
}
button,
input,
optgroup,
select,
textarea {
  font-size: inherit;
  font-family: inherit;
  margin: 0;
  padding: 0;
  outline: none;
  border: none;
  width: auto;
  min-width: 0;
  background-color: transparent;
  color: inherit;
  text-transform: none;
}
button,
input:not([type=checkbox]),
optgroup,
select,
textarea {
  appearance: none;
  -webkit-appearance: none;
}
a {
  outline: none;
  color: inherit;
  text-decoration: none;
  background-color: transparent;
}
[contenteditable] {
  outline: none;
}
img,
video,
picture {
  display: block;
  height: auto;
}
iframe {
  border: 0;
}
table {
  border-collapse: collapse;
  border-spacing: 0;
}
td,
th {
  padding: 0;
}
td:not([align]),
th:not([align]) {
  text-align: left;
}
input[type=\\"search\\"]::-webkit-search-decoration,
input[type=\\"search\\"]::-webkit-search-cancel-button,
input[type=\\"search\\"]::-webkit-search-results-button,
input[type=\\"search\\"]::-webkit-search-results-decoration {
  appearance: none;
  -webkit-appearance: none;
}
button::-moz-focus-inner,
[type=\\"button\\"]::-moz-focus-inner,
[type=\\"reset\\"]::-moz-focus-inner,
[type=\\"submit\\"]::-moz-focus-inner {
  border-style: none;
  padding: 0;
}
pre,
tt,
code,
kbd,
samp {
  font-family: ui-monospace, \\"JetBrains Mono\\", SFMono-Regular, Menlo, Monaco, Consolas, \\"Liberation Mono\\", \\"Courier New\\", monospace;
  font-size: 1em;
}
"
`;

exports[`twindy should units 1`] = `
":root {
  --font-sans: ui-sans-serif, system-ui, -apple-system, BlinkMacSystemFont, \\"Segoe UI\\", Roboto, \\"Helvetica Neue\\", Arial, \\"Noto Sans\\", sans-serif, \\"Apple Color Emoji\\", \\"Segoe UI Emoji\\", \\"Segoe UI Symbol\\", \\"Noto Color Emoji\\";
  --font-serif: ui-serif, Georgia, Cambria, \\"Times New Roman\\", Times, serif;
  --font-mono: ui-monospace, \\"JetBrains Mono\\", SFMono-Regular, Menlo, Monaco, Consolas, \\"Liberation Mono\\", \\"Courier New\\", monospace;
}
.shouldTransformTo_rem {
  margin: 1rem;
}
.shouldKeep_px {
  margin: 16px;
}
.shouldKeep_rem {
  margin: 16rem;
}
.shouldKeep_auto {
  margin: auto;
}
.shouldConvertManyArgs {
  padding: 1rem 16rem 16px \\"string\\" inset 100%;
}
"
`;
